Microchip MPLAB XC8 Compiler V1.44 ()

Linker command line:

-W-3 --edf=C:\Program Files (x86)\Microchip\xc8\v1.44\dat\en_msgs.txt -cs \
  -h+dist/default/production\BicycleAlarm.X.production.sym \
  --cmf=dist/default/production\BicycleAlarm.X.production.cmf -z -Q18F4550 \
  -oC:\Users\Rivera\AppData\Local\Temp\s5u4.2 \
  -Mdist/default/production/BicycleAlarm.X.production.map -E1 -ver=XC8 \
  -ASTACK=060h-07ffh -pstack=STACK -ACODE=00h-07FFFh -ACONST=00h-07FFFh \
  -ASMALLCONST=0800h-08FFhx120 -AMEDIUMCONST=0800h-07FFFh -ACOMRAM=01h-05Fh \
  -AABS1=00h-07FFh -ABIGRAM=01h-07FFh -ARAM=060h-0FFh,0100h-01FFhx7 \
  -ABANK0=060h-0FFh -ABANK1=0100h-01FFh -ABANK2=0200h-02FFh \
  -ABANK3=0300h-03FFh -ABANK4=0400h-04FFh -ABANK5=0500h-05FFh \
  -ABANK6=0600h-06FFh -ABANK7=0700h-07FFh -ASFR=0F60h-0FFFh \
  -preset_vec=00h,intcode,intcodelo,powerup,init -pramtop=0800h \
  -psmallconst=SMALLCONST -pmediumconst=MEDIUMCONST -pconst=CONST \
  -AFARRAM=00h-00h -ACONFIG=0300000h-030000Dh -pconfig=CONFIG \
  -AIDLOC=0200000h-0200007h -pidloc=IDLOC -AEEDATA=0F00000h-0F000FFh \
  -peeprom_data=EEDATA \
  -prdata=COMRAM,nvrram=COMRAM,nvbit=COMRAM,rbss=COMRAM,rbit=COMRAM \
  -pfarbss=FARRAM,fardata=FARRAM,nvFARRAM=FARRAM \
  -pintsave_regs=BIGRAM,bigbss=BIGRAM,bigdata=BIGRAM -pbss=RAM \
  -pidata=CODE,irdata=CODE,ibigdata=CODE,ifardata=CODE -prparam=COMRAM \
  C:\Users\Rivera\AppData\Local\Temp\s5u4.obj \
  dist/default/production\BicycleAlarm.X.production.obj 

Object code version is 3.11

Machine type is 18F4550

Call graph: (short form)




                Name                               Link     Load   Length Selector   Space Scale
C:\Users\Rivera\AppData\Local\Temp\s5u4.obj
                init                                  0        0        4        0       0
                idloc                            200000   200000        8   200000       0
                config                           300000   300000        E   300000       0
dist/default/production\BicycleAlarm.X.production.obj
                smallconst                          800      800       2E      400       0
                text11                              BFC      BFC       14      417       0
                text10                              BB0      BB0       2C      417       0
                text9                               BDC      BDC       20      417       0
                text8                               A5C      A5C       50      417       0
                text7                               B42      B42       38      417       0
                text6                               AAC      AAC       4C      417       0
                text5                               C10      C10        E      417       0
                text4                               82E      82E       B0      417       0
                text3                               966      966       86      417       0
                text2                               9EC      9EC       70      417       0
                text1                               AF8      AF8       4A      417       0
                text0                               8DE      8DE       88      417       0
                cstackCOMRAM                         3C       3C       17        1       1
                dataCOMRAM                           53       53        4        1       1
                bssCOMRAM                             1        1       3B        1       1
                cinit                               B7A      B7A       36      417       0
                idataCOMRAM                         C1E      C1E        4      417       0

TOTAL           Name                               Link     Load   Length     Space
        CLASS   STACK          

        CLASS   CODE           
                init                                  0        0        4         0
                text11                              BFC      BFC       14         0
                text10                              BB0      BB0       2C         0
                text9                               BDC      BDC       20         0
                text8                               A5C      A5C       50         0
                text7                               B42      B42       38         0
                text6                               AAC      AAC       4C         0
                text5                               C10      C10        E         0
                text4                               82E      82E       B0         0
                text3                               966      966       86         0
                text2                               9EC      9EC       70         0
                text1                               AF8      AF8       4A         0
                text0                               8DE      8DE       88         0
                cinit                               B7A      B7A       36         0
                idataCOMRAM                         C1E      C1E        4         0

        CLASS   CONST          

        CLASS   SMALLCONST     
                smallconst                          800      800       2E         0

        CLASS   MEDIUMCONST    

        CLASS   COMRAM         
                cstackCOMRAM                         3C       3C       17         1
                dataCOMRAM                           53       53        4         1
                bssCOMRAM                             1        1       3B         1

        CLASS   ABS1           

        CLASS   BIGRAM         

        CLASS   RAM            

        CLASS   BANK0          

        CLASS   BANK1          

        CLASS   BANK2          

        CLASS   BANK3          

        CLASS   BANK4          

        CLASS   BANK5          

        CLASS   BANK6          

        CLASS   BANK7          

        CLASS   SFR            

        CLASS   FARRAM         

        CLASS   CONFIG         
                config                           300000   300000        E         0

        CLASS   IDLOC          
                idloc                            200000   200000        8         0

        CLASS   EEDATA         



SEGMENTS        Name                           Load    Length   Top    Selector   Space  Class

                reset_vec                      000000  000004  000004         0       0  CODE    
                bssCOMRAM                      000001  000056  000057         1       1  COMRAM  
                smallconst                     000800  00002E  00082E       400       0  SMALLCON
                text4                          00082E  0003F4  000C22       417       0  CODE    
                idloc                          200000  000008  200008    200000       0  IDLOC   
                config                         300000  00000E  30000E    300000       0  CONFIG  


UNUSED ADDRESS RANGES

        Name                Unused          Largest block    Delta
        BANK0            000060-0000FF               A0
        BANK1            000100-0001FF              100
        BANK2            000200-0002FF              100
        BANK3            000300-0003FF              100
        BANK4            000400-0004FF              100
        BANK5            000500-0005FF              100
        BANK6            000600-0006FF              100
        BANK7            000700-0007FF              100
        BIGRAM           000057-0007FF              7A9
        CODE             000004-0007FF              7FC
                         000C22-007FFF             73DE
        COMRAM           000057-00005F                9
        CONST            000004-0007FF              7FC
                         000C22-007FFF             73DE
        EEDATA           F00000-F000FF              100
        MEDIUMCONST      000C22-007FFF             73DE
        RAM              000060-0007FF              100
        SFR              000F60-000FFF               A0
        SMALLCONST       000C22-007FFF              100
        STACK            000060-0007FF              7A0

                                  Symbol Table

Lcd_Cmd@a                   cstackCOMRAM 00003E
Lcd_Port@a                  cstackCOMRAM 00003C
_ADCON1bits                 (abs)        000FC1
_Columnas                   text11       000BFC
_LATB                       (abs)        000F8A
_Lcd_Cmd                    text9        000BDC
_Lcd_Port                   text10       000BB0
_OSCCON                     (abs)        000FD3
_PORTB                      (abs)        000F81
_PORTBbits                  (abs)        000F81
_RD2                        (abs)        007C1A
_RD3                        (abs)        007C1B
_RD4                        (abs)        007C1C
_RD5                        (abs)        007C1D
_RD6                        (abs)        007C1E
_RD7                        (abs)        007C1F
_TECLAS                     smallconst   000801
_TRISB                      (abs)        000F93
_TRISD                      (abs)        000F95
__CFG_BOR$OFF               (abs)        000000
__CFG_BORV$3                (abs)        000000
__CFG_CCP2MX$ON             (abs)        000000
__CFG_CP0$OFF               (abs)        000000
__CFG_CP1$OFF               (abs)        000000
__CFG_CP2$OFF               (abs)        000000
__CFG_CP3$OFF               (abs)        000000
__CFG_CPB$OFF               (abs)        000000
__CFG_CPD$OFF               (abs)        000000
__CFG_CPUDIV$OSC1_PLL2      (abs)        000000
__CFG_EBTR0$OFF             (abs)        000000
__CFG_EBTR1$OFF             (abs)        000000
__CFG_EBTR2$OFF             (abs)        000000
__CFG_EBTR3$OFF             (abs)        000000
__CFG_EBTRB$OFF             (abs)        000000
__CFG_FCMEN$OFF             (abs)        000000
__CFG_FOSC$HS               (abs)        000000
__CFG_ICPRT$OFF             (abs)        000000
__CFG_IESO$OFF              (abs)        000000
__CFG_LPT1OSC$OFF           (abs)        000000
__CFG_LVP$OFF               (abs)        000000
__CFG_MCLRE$ON              (abs)        000000
__CFG_PBADEN$ON             (abs)        000000
__CFG_PLLDIV$1              (abs)        000000
__CFG_PWRT$OFF              (abs)        000000
__CFG_STVREN$ON             (abs)        000000
__CFG_USBDIV$1              (abs)        000000
__CFG_VREGEN$OFF            (abs)        000000
__CFG_WDT$OFF               (abs)        000000
__CFG_WDTPS$32768           (abs)        000000
__CFG_WRT0$OFF              (abs)        000000
__CFG_WRT1$OFF              (abs)        000000
__CFG_WRT2$OFF              (abs)        000000
__CFG_WRT3$OFF              (abs)        000000
__CFG_WRTB$OFF              (abs)        000000
__CFG_WRTC$OFF              (abs)        000000
__CFG_WRTD$OFF              (abs)        000000
__CFG_XINST$OFF             (abs)        000000
__HRAM                      (abs)        000000
__Habs1                     abs1         000000
__Hbank0                    bank0        000000
__Hbank1                    bank1        000000
__Hbank2                    bank2        000000
__Hbank3                    bank3        000000
__Hbank4                    bank4        000000
__Hbank5                    bank5        000000
__Hbank6                    bank6        000000
__Hbank7                    bank7        000000
__Hbigbss                   bigbss       000000
__Hbigdata                  bigdata      000000
__Hbigram                   bigram       000000
__Hbss                      bss          000000
__HbssCOMRAM                bssCOMRAM    000000
__Hcinit                    cinit        000000
__Hclrtext                  clrtext      000000
__Hcomram                   comram       000000
__Hconfig                   config       30000E
__Hconst                    const        000000
__HcstackCOMRAM             cstackCOMRAM 000000
__Hdata                     data         000000
__HdataCOMRAM               dataCOMRAM   000000
__Heeprom_data              eeprom_data  000000
__Hfarbss                   farbss       000000
__Hfardata                  fardata      000000
__Hibigdata                 ibigdata     000000
__Hidata                    idata        000000
__HidataCOMRAM              idataCOMRAM  000000
__Hidloc                    idloc        200008
__Hifardata                 ifardata     000000
__Hinit                     init         000004
__Hintcode                  intcode      000000
__Hintcode_body             intcode_body 000000
__Hintcodelo                intcodelo    000000
__Hintentry                 intentry     000000
__Hintret                   intret       000000
__Hintsave_regs             intsave_regs 000000
__Hirdata                   irdata       000000
__Hmediumconst              mediumconst  000000
__HnvFARRAM                 nvFARRAM     000000
__Hnvbit                    nvbit        000000
__Hnvrram                   nvrram       000000
__Hparam                    rparam       000000
__Hpowerup                  powerup      000000
__Hram                      ram          000000
__Hramtop                   ramtop       000800
__Hrbit                     rbit         000000
__Hrbss                     rbss         000000
__Hrdata                    rdata        000000
__Hreset_vec                reset_vec    000000
__Hrparam                   rparam       000000
__Hsfr                      sfr          000000
__Hsmallconst               smallconst   00082E
__Hspace_0                  (abs)        30000E
__Hspace_1                  (abs)        000057
__Hspace_2                  (abs)        000000
__Hstack                    stack        000000
__Hstruct                   struct       000000
__Htemp                     temp         000000
__Htext                     text         000000
__Htext0                    text0        000000
__Htext1                    text1        000000
__Htext10                   text10       000000
__Htext11                   text11       000000
__Htext2                    text2        000000
__Htext3                    text3        000000
__Htext4                    text4        000000
__Htext5                    text5        000000
__Htext6                    text6        000000
__Htext7                    text7        000000
__Htext8                    text8        000000
__Htext9                    text9        000000
__LRAM                      (abs)        000001
__Labs1                     abs1         000000
__Lbank0                    bank0        000000
__Lbank1                    bank1        000000
__Lbank2                    bank2        000000
__Lbank3                    bank3        000000
__Lbank4                    bank4        000000
__Lbank5                    bank5        000000
__Lbank6                    bank6        000000
__Lbank7                    bank7        000000
__Lbigbss                   bigbss       000000
__Lbigdata                  bigdata      000000
__Lbigram                   bigram       000000
__Lbss                      bss          000000
__LbssCOMRAM                bssCOMRAM    000000
__Lcinit                    cinit        000000
__Lclrtext                  clrtext      000000
__Lcomram                   comram       000000
__Lconfig                   config       300000
__Lconst                    const        000000
__LcstackCOMRAM             cstackCOMRAM 000000
__Ldata                     data         000000
__LdataCOMRAM               dataCOMRAM   000000
__Leeprom_data              eeprom_data  000000
__Lfarbss                   farbss       000000
__Lfardata                  fardata      000000
__Libigdata                 ibigdata     000000
__Lidata                    idata        000000
__LidataCOMRAM              idataCOMRAM  000000
__Lidloc                    idloc        200000
__Lifardata                 ifardata     000000
__Linit                     init         000000
__Lintcode                  intcode      000000
__Lintcode_body             intcode_body 000000
__Lintcodelo                intcodelo    000000
__Lintentry                 intentry     000000
__Lintret                   intret       000000
__Lintsave_regs             intsave_regs 000000
__Lirdata                   irdata       000000
__Lmediumconst              mediumconst  000000
__LnvFARRAM                 nvFARRAM     000000
__Lnvbit                    nvbit        000000
__Lnvrram                   nvrram       000000
__Lparam                    rparam       000000
__Lpowerup                  powerup      000000
__Lram                      ram          000000
__Lramtop                   ramtop       000800
__Lrbit                     rbit         000000
__Lrbss                     rbss         000000
__Lrdata                    rdata        000000
__Lreset_vec                reset_vec    000000
__Lrparam                   rparam       000000
__Lsfr                      sfr          000000
__Lsmallconst               smallconst   000800
__Lspace_0                  (abs)        000000
__Lspace_1                  (abs)        000000
__Lspace_2                  (abs)        000000
__Lstack                    stack        000000
__Lstruct                   struct       000000
__Ltemp                     temp         000000
__Ltext                     text         000000
__Ltext0                    text0        000000
__Ltext1                    text1        000000
__Ltext10                   text10       000000
__Ltext11                   text11       000000
__Ltext2                    text2        000000
__Ltext3                    text3        000000
__Ltext4                    text4        000000
__Ltext5                    text5        000000
__Ltext6                    text6        000000
__Ltext7                    text7        000000
__Ltext8                    text8        000000
__Ltext9                    text9        000000
__S0                        (abs)        30000E
__S1                        (abs)        000057
__S2                        (abs)        000000
___inthi_sp                 stack        000000
___intlo_sp                 stack        000000
___param_bank               (abs)        000000
___rparam_used              (abs)        000001
___sp                       stack        000000
__accesstop                 (abs)        000060
__activetblptr              (abs)        000002
__end_of_Columnas           text11       000C10
__end_of_Lcd_Cmd            text9        000BFC
__end_of_Lcd_Port           text10       000BDC
__end_of_TECLAS             smallconst   000811
__end_of__initialization    cinit        000BA6
__end_of_antiRebote         text4        0008DE
__end_of_capturar_password  text3        0009EC
__end_of_imprimir           text6        000AF8
__end_of_lcd_clear          text5        000C1E
__end_of_lcd_init           text2        000A5C
__end_of_lcd_posCursor      text8        000AAC
__end_of_lcd_putc           text1        000B42
__end_of_lcd_write_char     text7        000B7A
__end_of_main               text0        000966
__end_of_password           smallconst   000815
__initialization            cinit        000B7A
__mediumconst               mediumconst  000000
__pbssCOMRAM                bssCOMRAM    000001
__pcinit                    cinit        000B7A
__pcstackCOMRAM             cstackCOMRAM 00003C
__pdataCOMRAM               dataCOMRAM   000053
__pidataCOMRAM              idataCOMRAM  000C1E
__psmallconst               smallconst   000800
__ptext0                    text0        0008DE
__ptext1                    text1        000AF8
__ptext10                   text10       000BB0
__ptext11                   text11       000BFC
__ptext2                    text2        0009EC
__ptext3                    text3        000966
__ptext4                    text4        00082E
__ptext5                    text5        000C10
__ptext6                    text6        000AAC
__ptext7                    text7        000B42
__ptext8                    text8        000A5C
__ptext9                    text9        000BDC
__ramtop                    ramtop       000800
__size_of_Columnas          (abs)        000000
__size_of_Lcd_Cmd           (abs)        000000
__size_of_Lcd_Port          (abs)        000000
__size_of_antiRebote        (abs)        000000
__size_of_capturar_password (abs)        000000
__size_of_imprimir          (abs)        000000
__size_of_lcd_clear         (abs)        000000
__size_of_lcd_init          (abs)        000000
__size_of_lcd_posCursor     (abs)        000000
__size_of_lcd_putc          (abs)        000000
__size_of_lcd_write_char    (abs)        000000
__size_of_main              (abs)        000000
__smallconst                smallconst   000800
_antiRebote                 text4        00082E
_buffer_lcd                 bssCOMRAM    000001
_capturar_password          text3        000966
_contador                   bssCOMRAM    000027
_dato                       bssCOMRAM    00002C
_i                          bssCOMRAM    000029
_imprimir                   text6        000AAC
_lcd_clear                  text5        000C10
_lcd_init                   text2        0009EC
_lcd_posCursor              text8        000A5C
_lcd_putc                   text1        000AF8
_lcd_write_char             text7        000B42
_main                       text0        0008DE
_n                          dataCOMRAM   000055
_numColumnas                bssCOMRAM    000025
_numFilas                   bssCOMRAM    000021
_numVeces                   dataCOMRAM   000053
_password                   smallconst   000811
_posDato                    bssCOMRAM    000023
_tecla                      bssCOMRAM    00002B
end_of_initialization       cinit        000BA6
imprimir@numVeces           cstackCOMRAM 00004B
imprimir@pDato              cstackCOMRAM 000044
imprimir@pNumVeces          cstackCOMRAM 000048
imprimir@pPosicion          cstackCOMRAM 000046
intlevel0                   text         000000
intlevel1                   text         000000
intlevel2                   text         000000
intlevel3                   text         000000
lcd_posCursor@a             cstackCOMRAM 000040
lcd_posCursor@b             cstackCOMRAM 00003F
lcd_posCursor@temp          cstackCOMRAM 000043
lcd_posCursor@y             cstackCOMRAM 000042
lcd_posCursor@z             cstackCOMRAM 000041
lcd_putc@a                  cstackCOMRAM 000040
lcd_putc@i                  cstackCOMRAM 000044
lcd_write_char@a            cstackCOMRAM 00003F
lcd_write_char@temp         cstackCOMRAM 00003D
lcd_write_char@y            cstackCOMRAM 00003E
stackhi                     (abs)        0007FF
stacklo                     (abs)        000060
start                       init         000000
start_initialization        cinit        000B7A


FUNCTION INFORMATION:

 *************** function _main *****************
 Defined at:
		line 64 in file "Main.c"
 Parameters:    Size  Location     Type
		None
 Auto vars:     Size  Location     Type
		None
 Return value:  Size  Location     Type
                  1    wreg      void 
 Registers used:
		wreg, fsr2l, fsr2h, status,2, status,0, tblptrl, tblptrh, tblptru, cstack
 Tracked objects:
		On entry : 
		On exit  : 
		Unchanged: 
 Data sizes:     COMRAM   BANK0   BANK1   BANK2   BANK3   BANK4   BANK5   BANK6   BANK7
      Params:         0       0       0       0       0       0       0       0       0
      Locals:         0       0       0       0       0       0       0       0       0
      Temps:          2       0       0       0       0       0       0       0       0
      Totals:         2       0       0       0       0       0       0       0       0
Total ram usage:        2 bytes
 Hardware stack levels required when called:    6
 This function calls:
		_capturar_password
		_lcd_clear
		_lcd_init
		_lcd_posCursor
		_lcd_putc
 This function is called by:
		Startup code after reset
 This function uses a non-reentrant model


 *************** function _lcd_putc *****************
 Defined at:
		line 117 in file "LCD.h"
 Parameters:    Size  Location     Type
  a               2    4[COMRAM] PTR unsigned char 
		 -> STR_2(10), STR_1(14), 
 Auto vars:     Size  Location     Type
  i               2    8[COMRAM] int 
 Return value:  Size  Location     Type
                  1    wreg      void 
 Registers used:
		wreg, status,2, status,0, tblptrl, tblptrh, tblptru, cstack
 Tracked objects:
		On entry : 
		On exit  : 
		Unchanged: 
 Data sizes:     COMRAM   BANK0   BANK1   BANK2   BANK3   BANK4   BANK5   BANK6   BANK7
      Params:         2       0       0       0       0       0       0       0       0
      Locals:         2       0       0       0       0       0       0       0       0
      Temps:          2       0       0       0       0       0       0       0       0
      Totals:         6       0       0       0       0       0       0       0       0
Total ram usage:        6 bytes
 Hardware stack levels used:    1
 Hardware stack levels required when called:    2
 This function calls:
		_lcd_write_char
 This function is called by:
		_main
 This function uses a non-reentrant model


 *************** function _lcd_init *****************
 Defined at:
		line 82 in file "LCD.h"
 Parameters:    Size  Location     Type
		None
 Auto vars:     Size  Location     Type
		None
 Return value:  Size  Location     Type
                  1    wreg      void 
 Registers used:
		wreg, status,2, cstack
 Tracked objects:
		On entry : 
		On exit  : 
		Unchanged: 
 Data sizes:     COMRAM   BANK0   BANK1   BANK2   BANK3   BANK4   BANK5   BANK6   BANK7
      Params:         0       0       0       0       0       0       0       0       0
      Locals:         0       0       0       0       0       0       0       0       0
      Temps:          1       0       0       0       0       0       0       0       0
      Totals:         1       0       0       0       0       0       0       0       0
Total ram usage:        1 bytes
 Hardware stack levels used:    1
 Hardware stack levels required when called:    2
 This function calls:
		_Lcd_Cmd
		_Lcd_Port
 This function is called by:
		_main
 This function uses a non-reentrant model


 *************** function _capturar_password *****************
 Defined at:
		line 132 in file "Main.c"
 Parameters:    Size  Location     Type
		None
 Auto vars:     Size  Location     Type
		None
 Return value:  Size  Location     Type
                  1    wreg      void 
 Registers used:
		wreg, fsr2l, fsr2h, status,2, status,0, tblptrl, tblptrh, tblptru, cstack
 Tracked objects:
		On entry : 
		On exit  : 
		Unchanged: 
 Data sizes:     COMRAM   BANK0   BANK1   BANK2   BANK3   BANK4   BANK5   BANK6   BANK7
      Params:         0       0       0       0       0       0       0       0       0
      Locals:         0       0       0       0       0       0       0       0       0
      Temps:          0       0       0       0       0       0       0       0       0
      Totals:         0       0       0       0       0       0       0       0       0
Total ram usage:        0 bytes
 Hardware stack levels used:    1
 Hardware stack levels required when called:    5
 This function calls:
		_Columnas
		_antiRebote
 This function is called by:
		_main
 This function uses a non-reentrant model


 *************** function _antiRebote *****************
 Defined at:
		line 94 in file "Main.c"
 Parameters:    Size  Location     Type
		None
 Auto vars:     Size  Location     Type
		None
 Return value:  Size  Location     Type
                  1    wreg      void 
 Registers used:
		wreg, fsr2l, fsr2h, status,2, status,0, tblptrl, tblptrh, tblptru, cstack
 Tracked objects:
		On entry : 
		On exit  : 
		Unchanged: 
 Data sizes:     COMRAM   BANK0   BANK1   BANK2   BANK3   BANK4   BANK5   BANK6   BANK7
      Params:         0       0       0       0       0       0       0       0       0
      Locals:         0       0       0       0       0       0       0       0       0
      Temps:          4       0       0       0       0       0       0       0       0
      Totals:         4       0       0       0       0       0       0       0       0
Total ram usage:        4 bytes
 Hardware stack levels used:    1
 Hardware stack levels required when called:    4
 This function calls:
		_imprimir
		_lcd_clear
		_lcd_posCursor
		_lcd_write_char
 This function is called by:
		_capturar_password
 This function uses a non-reentrant model


 *************** function _lcd_clear *****************
 Defined at:
		line 55 in file "LCD.h"
 Parameters:    Size  Location     Type
		None
 Auto vars:     Size  Location     Type
		None
 Return value:  Size  Location     Type
                  1    wreg      void 
 Registers used:
		wreg, status,2, cstack
 Tracked objects:
		On entry : 
		On exit  : 
		Unchanged: 
 Data sizes:     COMRAM   BANK0   BANK1   BANK2   BANK3   BANK4   BANK5   BANK6   BANK7
      Params:         0       0       0       0       0       0       0       0       0
      Locals:         0       0       0       0       0       0       0       0       0
      Temps:          0       0       0       0       0       0       0       0       0
      Totals:         0       0       0       0       0       0       0       0       0
Total ram usage:        0 bytes
 Hardware stack levels used:    1
 Hardware stack levels required when called:    2
 This function calls:
		_Lcd_Cmd
 This function is called by:
		_main
		_antiRebote
		_tecla_OK
 This function uses a non-reentrant model


 *************** function _imprimir *****************
 Defined at:
		line 29 in file "Utilidades.h"
 Parameters:    Size  Location     Type
  pDato           2    8[COMRAM] PTR unsigned char 
		 -> dato(16), 
  pPosicion       2   10[COMRAM] int 
  pNumVeces       2   12[COMRAM] int 
 Auto vars:     Size  Location     Type
  numVeces        2   15[COMRAM] int 
 Return value:  Size  Location     Type
                  1    wreg      void 
 Registers used:
		wreg, fsr2l, fsr2h, status,2, status,0, cstack
 Tracked objects:
		On entry : 
		On exit  : 
		Unchanged: 
 Data sizes:     COMRAM   BANK0   BANK1   BANK2   BANK3   BANK4   BANK5   BANK6   BANK7
      Params:         6       0       0       0       0       0       0       0       0
      Locals:         2       0       0       0       0       0       0       0       0
      Temps:          1       0       0       0       0       0       0       0       0
      Totals:         9       0       0       0       0       0       0       0       0
Total ram usage:        9 bytes
 Hardware stack levels used:    1
 Hardware stack levels required when called:    3
 This function calls:
		_lcd_posCursor
		_lcd_write_char
 This function is called by:
		_antiRebote
 This function uses a non-reentrant model


 *************** function _lcd_write_char *****************
 Defined at:
		line 101 in file "LCD.h"
 Parameters:    Size  Location     Type
  a               1    wreg     unsigned char 
 Auto vars:     Size  Location     Type
  a               1    3[COMRAM] unsigned char 
  y               1    2[COMRAM] unsigned char 
  temp            1    1[COMRAM] unsigned char 
 Return value:  Size  Location     Type
                  1    wreg      void 
 Registers used:
		wreg, status,2, status,0, cstack
 Tracked objects:
		On entry : 
		On exit  : 
		Unchanged: 
 Data sizes:     COMRAM   BANK0   BANK1   BANK2   BANK3   BANK4   BANK5   BANK6   BANK7
      Params:         0       0       0       0       0       0       0       0       0
      Locals:         3       0       0       0       0       0       0       0       0
      Temps:          0       0       0       0       0       0       0       0       0
      Totals:         3       0       0       0       0       0       0       0       0
Total ram usage:        3 bytes
 Hardware stack levels used:    1
 Hardware stack levels required when called:    1
 This function calls:
		_Lcd_Port
 This function is called by:
		_lcd_putc
		_imprimir
		_antiRebote
 This function uses a non-reentrant model


 *************** function _lcd_posCursor *****************
 Defined at:
		line 61 in file "LCD.h"
 Parameters:    Size  Location     Type
  a               1    wreg     unsigned char 
  b               1    3[COMRAM] unsigned char 
 Auto vars:     Size  Location     Type
  a               1    4[COMRAM] unsigned char 
  temp            1    7[COMRAM] unsigned char 
  y               1    6[COMRAM] unsigned char 
  z               1    5[COMRAM] unsigned char 
 Return value:  Size  Location     Type
                  1    wreg      void 
 Registers used:
		wreg, status,2, status,0, cstack
 Tracked objects:
		On entry : 
		On exit  : 
		Unchanged: 
 Data sizes:     COMRAM   BANK0   BANK1   BANK2   BANK3   BANK4   BANK5   BANK6   BANK7
      Params:         1       0       0       0       0       0       0       0       0
      Locals:         4       0       0       0       0       0       0       0       0
      Temps:          0       0       0       0       0       0       0       0       0
      Totals:         5       0       0       0       0       0       0       0       0
Total ram usage:        5 bytes
 Hardware stack levels used:    1
 Hardware stack levels required when called:    2
 This function calls:
		_Lcd_Cmd
 This function is called by:
		_imprimir
		_main
		_antiRebote
 This function uses a non-reentrant model


 *************** function _Lcd_Cmd *****************
 Defined at:
		line 46 in file "LCD.h"
 Parameters:    Size  Location     Type
  a               1    wreg     unsigned char 
 Auto vars:     Size  Location     Type
  a               1    2[COMRAM] unsigned char 
 Return value:  Size  Location     Type
                  1    wreg      void 
 Registers used:
		wreg, status,2, cstack
 Tracked objects:
		On entry : 
		On exit  : 
		Unchanged: 
 Data sizes:     COMRAM   BANK0   BANK1   BANK2   BANK3   BANK4   BANK5   BANK6   BANK7
      Params:         0       0       0       0       0       0       0       0       0
      Locals:         1       0       0       0       0       0       0       0       0
      Temps:          1       0       0       0       0       0       0       0       0
      Totals:         2       0       0       0       0       0       0       0       0
Total ram usage:        2 bytes
 Hardware stack levels used:    1
 Hardware stack levels required when called:    1
 This function calls:
		_Lcd_Port
 This function is called by:
		_lcd_clear
		_lcd_posCursor
		_lcd_init
		_lcd_shift_right
		_lcd_shift_left
 This function uses a non-reentrant model


 *************** function _Lcd_Port *****************
 Defined at:
		line 24 in file "LCD.h"
 Parameters:    Size  Location     Type
  a               1    wreg     unsigned char 
 Auto vars:     Size  Location     Type
  a               1    0[COMRAM] unsigned char 
 Return value:  Size  Location     Type
                  1    wreg      void 
 Registers used:
		wreg
 Tracked objects:
		On entry : 
		On exit  : 
		Unchanged: 
 Data sizes:     COMRAM   BANK0   BANK1   BANK2   BANK3   BANK4   BANK5   BANK6   BANK7
      Params:         0       0       0       0       0       0       0       0       0
      Locals:         1       0       0       0       0       0       0       0       0
      Temps:          0       0       0       0       0       0       0       0       0
      Totals:         1       0       0       0       0       0       0       0       0
Total ram usage:        1 bytes
 Hardware stack levels used:    1
 This function calls:
		Nothing
 This function is called by:
		_Lcd_Cmd
		_lcd_init
		_lcd_write_char
 This function uses a non-reentrant model


 *************** function _Columnas *****************
 Defined at:
		line 55 in file "Main.c"
 Parameters:    Size  Location     Type
		None
 Auto vars:     Size  Location     Type
		None
 Return value:  Size  Location     Type
		None               void
 Registers used:
		status,0
 Tracked objects:
		On entry : 
		On exit  : 
		Unchanged: 
 Data sizes:     COMRAM   BANK0   BANK1   BANK2   BANK3   BANK4   BANK5   BANK6   BANK7
      Params:         0       0       0       0       0       0       0       0       0
      Locals:         0       0       0       0       0       0       0       0       0
      Temps:          0       0       0       0       0       0       0       0       0
      Totals:         0       0       0       0       0       0       0       0       0
Total ram usage:        0 bytes
 Hardware stack levels used:    1
 This function calls:
		Nothing
 This function is called by:
		_capturar_password
 This function uses a non-reentrant model



MODULE INFORMATION

Module		Function		Class		Link	Load	Size
LCD.h
		_lcd_write_char		CODE           	0B42	0000	57
		_lcd_putc      		CODE           	0AF8	0000	75
		_Lcd_Cmd       		CODE           	0BDC	0000	33
		_lcd_clear     		CODE           	0C10	0000	15
		_lcd_posCursor 		CODE           	0A5C	0000	81
		_Lcd_Port      		CODE           	0BB0	0000	45
		_lcd_init      		CODE           	09EC	0000	113

LCD.h estimated size: 419

Main.c
		_Columnas      		CODE           	0BFC	0000	21
		_main          		CODE           	08DE	0000	137
		_capturar_password		CODE           	0966	0000	135
		_antiRebote    		CODE           	082E	0000	177

Main.c estimated size: 470

Utilidades.h
		_imprimir      		CODE           	0AAC	0000	77

Utilidades.h estimated size: 77

shared
		_password      		SMALLCONST     	0811	0000	5
		__initialization		CODE           	0B7A	0000	45
		_TECLAS        		SMALLCONST     	0801	0000	17

shared estimated size: 67

